Copyright 1986-2022 Xilinx, Inc. All Rights Reserved. Copyright 2022-2026 Advanced Micro Devices, Inc. All Rights Reserved.
----------------------------------------------------------------------------------------------------------------------------------------------------------------------------------
| Tool Version     : Vivado v.2026.1 (lin64) Build 6511674 Tue Jun 16 11:01:26 MDT 2026
| Date             : Thu Aug  6 15:50:42 2026
| Host             : david-medina-pc running 64-bit Ubuntu 26.04 LTS
| Command          : report_power -file gpgpu_system_wrapper_power_routed.rpt -pb gpgpu_system_wrapper_power_summary_routed.pb -rpx gpgpu_system_wrapper_power_routed.rpx
| Design           : gpgpu_system_wrapper
| Device           : xck26-sfvc784-2LV-c
| Design State     : routed
| Grade            : commercial
| Process          : typical
| Characterization : Production
----------------------------------------------------------------------------------------------------------------------------------------------------------------------------------

Power Report

Table of Contents
-----------------
1. Summary
1.1 On-Chip Components
1.2 Power Supply Summary
1.3 Confidence Level
2. Settings
2.1 Environment
2.2 Clock Constraints
3. Detailed Reports
3.1 By Hierarchy

1. Summary
----------

+--------------------------+--------------+
| Total On-Chip Power (W)  | 2.688        |
| Design Power Budget (W)  | Unspecified* |
| Power Budget Margin (W)  | NA           |
| Dynamic (W)              | 2.388        |
| Device Static (W)        | 0.300        |
| Effective TJA (C/W)      | 2.3          |
| Max Ambient (C)          | 78.8         |
| Junction Temperature (C) | 31.2         |
| Confidence Level         | Medium       |
| Setting File             | ---          |
| Simulation Activity File | ---          |
| Design Nets Matched      | NA           |
+--------------------------+--------------+
* Specify Design Power Budget using, set_operating_conditions -design_power_budget <value in Watts>


1.1 On-Chip Components
----------------------

+--------------------------+-----------+----------+-----------+-----------------+
| On-Chip                  | Power (W) | Used     | Available | Utilization (%) |
+--------------------------+-----------+----------+-----------+-----------------+
| Clocks                   |     0.032 |        5 |       --- |             --- |
| CLB Logic                |     0.061 |    20026 |       --- |             --- |
|   LUT as Distributed RAM |     0.039 |      944 |     57600 |            1.64 |
|   LUT as Logic           |     0.017 |     5337 |    117120 |            4.56 |
|   Register               |     0.002 |    10106 |    234240 |            4.31 |
|   LUT as Shift Register  |     0.001 |      154 |     57600 |            0.27 |
|   CARRY8                 |    <0.001 |      120 |     14640 |            0.82 |
|   Others                 |     0.000 |      566 |       --- |             --- |
|   F7/F8 Muxes            |     0.000 |       33 |    117120 |            0.03 |
| Signals                  |     0.024 |    13643 |       --- |             --- |
| Block RAM                |     0.006 |      9.5 |       144 |            6.60 |
| PLL                      |     0.050 |        1 |       --- |             --- |
| PS8                      |     2.215 |        1 |       --- |             --- |
| Static Power             |     0.300 |          |           |                 |
|   PS Static              |     0.000 |          |           |                 |
|   PL Static              |     0.300 |          |           |                 |
| Total                    |     2.688 |          |           |                 |
+--------------------------+-----------+----------+-----------+-----------------+


1.2 Power Supply Summary
------------------------

+------------------+-------------+-----------+-------------+------------+-------------+-------------+------------+
| Source           | Voltage (V) | Total (A) | Dynamic (A) | Static (A) | Powerup (A) | Budget (A)  | Margin (A) |
+------------------+-------------+-----------+-------------+------------+-------------+-------------+------------+
| Vccint           |       0.720 |     0.257 |       0.171 |      0.086 |       NA    | Unspecified | NA         |
| Vccint_io        |       0.850 |     0.036 |       0.000 |      0.036 |       NA    | Unspecified | NA         |
| Vccbram          |       0.850 |     0.002 |       0.001 |      0.001 |       NA    | Unspecified | NA         |
| Vccaux           |       1.800 |     0.103 |       0.027 |      0.075 |       NA    | Unspecified | NA         |
| Vccaux_io        |       1.800 |     0.031 |       0.000 |      0.031 |       NA    | Unspecified | NA         |
| Vcco33           |       3.300 |     0.000 |       0.000 |      0.000 |       NA    | Unspecified | NA         |
| Vcco25           |       2.500 |     0.000 |       0.000 |      0.000 |       NA    | Unspecified | NA         |
| Vcco18           |       1.800 |     0.000 |       0.000 |      0.000 |       NA    | Unspecified | NA         |
| Vcco15           |       1.500 |     0.000 |       0.000 |      0.000 |       NA    | Unspecified | NA         |
| Vcco135          |       1.350 |     0.000 |       0.000 |      0.000 |       NA    | Unspecified | NA         |
| Vcco12           |       1.200 |     0.000 |       0.000 |      0.000 |       NA    | Unspecified | NA         |
| Vcco10           |       1.000 |     0.000 |       0.000 |      0.000 |       NA    | Unspecified | NA         |
| Vccadc           |       1.800 |     0.008 |       0.000 |      0.008 |       NA    | Unspecified | NA         |
| VCC_PSINTFP      |       0.850 |     1.051 |       1.051 |      0.000 |       NA    | Unspecified | NA         |
| VCC_PSINTLP      |       0.850 |     0.224 |       0.224 |      0.000 |       NA    | Unspecified | NA         |
| VPS_MGTRAVCC     |       0.850 |     0.000 |       0.000 |      0.000 |       NA    | Unspecified | NA         |
| VCC_PSINTFP_DDR  |       0.850 |     0.544 |       0.544 |      0.000 |       NA    | Unspecified | NA         |
| VCC_PSPLL        |       1.200 |     0.067 |       0.067 |      0.000 |       NA    | Unspecified | NA         |
| VPS_MGTRAVTT     |       1.800 |     0.000 |       0.000 |      0.000 |       NA    | Unspecified | NA         |
| VCCO_PSDDR_504   |       1.200 |     0.491 |       0.491 |      0.000 |       NA    | Unspecified | NA         |
| VCC_PSAUX        |       1.800 |     0.000 |       0.000 |      0.000 |       NA    | Unspecified | NA         |
| VCC_PSBATT       |       1.200 |     0.000 |       0.000 |      0.000 |       NA    | Unspecified | NA         |
| VCC_PSDDR_PLL    |       1.800 |     0.000 |       0.000 |      0.000 |       NA    | Unspecified | NA         |
| VCCO_PSIO0_500   |       3.300 |     0.000 |       0.000 |      0.000 |       NA    | Unspecified | NA         |
| VCCO_PSIO1_501   |       3.300 |     0.000 |       0.000 |      0.000 |       NA    | Unspecified | NA         |
| VCCO_PSIO2_502   |       3.300 |     0.000 |       0.000 |      0.000 |       NA    | Unspecified | NA         |
| VCCO_PSIO3_503   |       3.300 |     0.000 |       0.000 |      0.000 |       NA    | Unspecified | NA         |
| VCC_PSADC        |       1.800 |     0.000 |       0.000 |      0.000 |       NA    | Unspecified | NA         |
| VMGTAVCC (GTH)   |       0.900 |     0.000 |       0.000 |      0.000 |       NA    | Unspecified | NA         |
| VMGTAVTT (GTH)   |       1.200 |     0.000 |       0.000 |      0.000 |       NA    | Unspecified | NA         |
| VMGTVCCAUX (GTH) |       1.800 |     0.000 |       0.000 |      0.000 |       NA    | Unspecified | NA         |
+------------------+-------------+-----------+-------------+------------+-------------+-------------+------------+


1.3 Confidence Level
--------------------

+-----------------------------+------------+------------------------------------------------+------------------------------------------------------------------------------------------------------------+
| User Input Data             | Confidence | Details                                        | Action                                                                                                     |
+-----------------------------+------------+------------------------------------------------+------------------------------------------------------------------------------------------------------------+
| Design implementation state | High       | Design is routed                               |                                                                                                            |
| Clock nodes activity        | High       | User specified more than 95% of clocks         |                                                                                                            |
| I/O nodes activity          | High       | User specified more than 95% of inputs         |                                                                                                            |
| Internal nodes activity     | Medium     | User specified less than 25% of internal nodes | Provide missing internal nodes activity with simulation results or by editing the "By Resource Type" views |
| Device models               | High       | Device models are Production                   |                                                                                                            |
|                             |            |                                                |                                                                                                            |
| Overall confidence level    | Medium     |                                                |                                                                                                            |
+-----------------------------+------------+------------------------------------------------+------------------------------------------------------------------------------------------------------------+


2. Settings
-----------

2.1 Environment
---------------

+-----------------------+--------------------------+
| Ambient Temp (C)      | 25.0                     |
| ThetaJA (C/W)         | 2.3                      |
| Airflow (LFM)         | 250                      |
| Heat Sink             | medium (Medium Profile)  |
| ThetaSA (C/W)         | 5.5                      |
| Board Selection       | medium (10"x10")         |
| # of Board Layers     | 12to15 (12 to 15 Layers) |
| Board Temperature (C) | 25.0                     |
+-----------------------+--------------------------+


2.2 Clock Constraints
---------------------

+-----------------------------------+-----------------------------------------------------------------+-----------------+
| Clock                             | Domain                                                          | Constraint (ns) |
+-----------------------------------+-----------------------------------------------------------------+-----------------+
| clk_out1_gpgpu_system_clk_wiz_0_0 | gpgpu_system_i/clk_wiz_0/inst/clk_out1_gpgpu_system_clk_wiz_0_0 |             5.2 |
| clk_pl_0                          | gpgpu_system_i/zynq_ultra_ps_e_0/inst/pl_clk0                   |            10.3 |
| clk_pl_0                          | gpgpu_system_i/zynq_ultra_ps_e_0/inst/pl_clk_unbuffered[0]      |            10.3 |
+-----------------------------------+-----------------------------------------------------------------+-----------------+


3. Detailed Reports
-------------------

3.1 By Hierarchy
----------------

+--------------------------+-----------+
| Name                     | Power (W) |
+--------------------------+-----------+
| gpgpu_system_wrapper     |     2.388 |
|   gpgpu_system_i         |     2.388 |
|     clk_wiz_0            |     0.050 |
|       inst               |     0.050 |
|     gpgpu_scheduler_0    |     0.010 |
|       inst               |     0.010 |
|     memory_pipeline_0    |     0.018 |
|       inst               |     0.018 |
|     smartconnect_control |     0.008 |
|       inst               |     0.008 |
|     smartconnect_ddr     |     0.086 |
|       inst               |     0.086 |
|     zynq_ultra_ps_e_0    |     2.216 |
|       inst               |     2.216 |
+--------------------------+-----------+


