Copyright 1986-2022 Xilinx, Inc. All Rights Reserved. Copyright 2022-2026 Advanced Micro Devices, Inc. All Rights Reserved.
------------------------------------------------------------------------------------------------------------------------------------------------------
| Tool Version : Vivado v.2026.1 (lin64) Build 6511674 Tue Jun 16 11:01:26 MDT 2026
| Date         : Thu Aug  6 15:17:18 2026
| Host         : david-medina-pc running 64-bit Ubuntu 26.04 LTS
| Command      : report_utilization -file /mnt/alto_nivel/Diseno_de_alto_nivel/Proyecto/riscv_gpgpu/build/vivado_kv260/implementation_utilization.rpt
| Design       : gpgpu_system_wrapper
| Device       : xck26-sfvc784-2LV-c
| Speed File   : -2LV
| Design State : Routed
------------------------------------------------------------------------------------------------------------------------------------------------------

Utilization Design Information

Table of Contents
-----------------
1. CLB Logic
1.1 Summary of Registers by Type
2. CLB Logic Distribution
3. BLOCKRAM
4. ARITHMETIC
5. I/O
6. CLOCK
7. ADVANCED
8. CONFIGURATION
9. Primitives
10. Black Boxes
11. Instantiated Netlists

1. CLB Logic
------------

+----------------------------+-------+-------+------------+-----------+-------+
|          Site Type         |  Used | Fixed | Prohibited | Available | Util% |
+----------------------------+-------+-------+------------+-----------+-------+
| CLB LUTs                   | 21942 |     0 |          0 |    117120 | 18.73 |
|   LUT as Logic             | 20627 |     0 |          0 |    117120 | 17.61 |
|   LUT as Memory            |  1315 |     0 |          0 |     57600 |  2.28 |
|     LUT as Distributed RAM |  1041 |     0 |            |           |       |
|     LUT as Shift Register  |   274 |     0 |            |           |       |
| CLB Registers              | 21390 |     0 |          0 |    234240 |  9.13 |
|   Register as Flip Flop    | 21390 |     0 |          0 |    234240 |  9.13 |
|   Register as Latch        |     0 |     0 |          0 |    234240 |  0.00 |
| CARRY8                     |   394 |     0 |          0 |     14640 |  2.69 |
| F7 Muxes                   |    59 |     0 |          0 |     58560 |  0.10 |
| F8 Muxes                   |     6 |     0 |          0 |     29280 |  0.02 |
| F9 Muxes                   |     2 |     0 |          0 |     14640 |  0.01 |
| Unique Control Sets        |   829 |       |          0 |     29280 |  2.83 |
+----------------------------+-------+-------+------------+-----------+-------+
* Warning! LUT value is adjusted to account for LUT combining.
** Note: Available Control Sets calculated as Slices * 2, Review the Control Sets Report for more information regarding control sets.


1.1 Summary of Registers by Type
--------------------------------

+-------+--------------+-------------+--------------+
| Total | Clock Enable | Synchronous | Asynchronous |
+-------+--------------+-------------+--------------+
| 0     |            _ |           - |            - |
| 0     |            _ |           - |          Set |
| 0     |            _ |           - |        Reset |
| 0     |            _ |         Set |            - |
| 0     |            _ |       Reset |            - |
| 0     |          Yes |           - |            - |
| 0     |          Yes |           - |          Set |
| 87    |          Yes |           - |        Reset |
| 316   |          Yes |         Set |            - |
| 20987 |          Yes |       Reset |            - |
+-------+--------------+-------------+--------------+


2. CLB Logic Distribution
-------------------------

+--------------------------------------------+-------+-------+------------+-----------+-------+
|                  Site Type                 |  Used | Fixed | Prohibited | Available | Util% |
+--------------------------------------------+-------+-------+------------+-----------+-------+
| CLB                                        |  4420 |     0 |          0 |     14640 | 30.19 |
|   CLBL                                     |  1887 |     0 |            |           |       |
|   CLBM                                     |  2533 |     0 |            |           |       |
| LUT as Logic                               | 20627 |     0 |          0 |    117120 | 17.61 |
|   using O5 output only                     |   375 |       |            |           |       |
|   using O6 output only                     | 15887 |       |            |           |       |
|   using O5 and O6                          |  4365 |       |            |           |       |
| LUT as Memory                              |  1315 |     0 |          0 |     57600 |  2.28 |
|   LUT as Distributed RAM                   |  1041 |     0 |            |           |       |
|     using O5 output only                   |     0 |       |            |           |       |
|     using O6 output only                   |    33 |       |            |           |       |
|     using O5 and O6                        |  1008 |       |            |           |       |
|   LUT as Shift Register                    |   274 |     0 |            |           |       |
|     using O5 output only                   |     0 |       |            |           |       |
|     using O6 output only                   |   138 |       |            |           |       |
|     using O5 and O6                        |   136 |       |            |           |       |
| CLB Registers                              | 21390 |     0 |          0 |    234240 |  9.13 |
|   Register driven from within the CLB      | 11584 |       |            |           |       |
|   Register driven from outside the CLB     |  9806 |       |            |           |       |
|     LUT in front of the register is unused |  5395 |       |            |           |       |
|     LUT in front of the register is used   |  4411 |       |            |           |       |
+--------------------------------------------+-------+-------+------------+-----------+-------+


3. BLOCKRAM
-----------

+-------------------+------+-------+------------+-----------+-------+
|     Site Type     | Used | Fixed | Prohibited | Available | Util% |
+-------------------+------+-------+------------+-----------+-------+
| Block RAM Tile    |   45 |     0 |          0 |       144 | 31.25 |
|   RAMB36/FIFO*    |   33 |     0 |          0 |       144 | 22.92 |
|     RAMB36E2 only |   33 |       |            |           |       |
|   RAMB18          |   24 |     0 |          0 |       288 |  8.33 |
|     RAMB18E2 only |   24 |       |            |           |       |
| URAM              |    0 |     0 |          0 |        64 |  0.00 |
+-------------------+------+-------+------------+-----------+-------+
* Note: Each Block RAM Tile only has one FIFO logic available and therefore can accommodate only one FIFO36E2 or one FIFO18E2. However, if a FIFO18E2 occupies a Block RAM Tile, that tile can still accommodate a RAMB18E2


4. ARITHMETIC
-------------

+----------------+------+-------+------------+-----------+-------+
|    Site Type   | Used | Fixed | Prohibited | Available | Util% |
+----------------+------+-------+------------+-----------+-------+
| DSPs           |   31 |     0 |          0 |      1248 |  2.48 |
|   DSP48E2 only |   31 |       |            |           |       |
+----------------+------+-------+------------+-----------+-------+


5. I/O
------

+------------------+------+-------+------------+-----------+-------+
|     Site Type    | Used | Fixed | Prohibited | Available | Util% |
+------------------+------+-------+------------+-----------+-------+
| Bonded IOB       |    0 |     0 |          0 |       189 |  0.00 |
|   HPIOB_M        |    0 |     0 |          0 |        58 |  0.00 |
|   HPIOB_S        |    0 |     0 |          0 |        58 |  0.00 |
|   HDIOB_M        |    0 |     0 |          0 |        35 |  0.00 |
|   HDIOB_S        |    0 |     0 |          0 |        35 |  0.00 |
|   HPIOB_SNGL     |    0 |     0 |          0 |         3 |  0.00 |
| HPIOBDIFFINBUF   |    0 |     0 |          0 |        82 |  0.00 |
| HPIOBDIFFOUTBUF  |    0 |     0 |          0 |        82 |  0.00 |
| HDIOBDIFFINBUF   |    0 |     0 |          0 |        35 |  0.00 |
| BITSLICE_CONTROL |    0 |     0 |          0 |        32 |  0.00 |
| BITSLICE_RX_TX   |    0 |     0 |          0 |      1248 |  0.00 |
| BITSLICE_TX      |    0 |     0 |          0 |        32 |  0.00 |
| RIU_OR           |    0 |     0 |          0 |        16 |  0.00 |
+------------------+------+-------+------------+-----------+-------+


6. CLOCK
--------

+------------+------+-------+------------+-----------+-------+
|  Site Type | Used | Fixed | Prohibited | Available | Util% |
+------------+------+-------+------------+-----------+-------+
| BUFGCE     |    2 |     0 |          0 |       112 |  1.79 |
| BUFGCE_DIV |    0 |     0 |          0 |        16 |  0.00 |
| BUFG_GT    |    0 |     0 |          0 |        96 |  0.00 |
| BUFG_PS    |    1 |     0 |          0 |        96 |  1.04 |
| BUFGCTRL*  |    0 |     0 |          0 |        32 |  0.00 |
| PLL        |    1 |     0 |          0 |         8 | 12.50 |
| MMCM       |    0 |     0 |          0 |         4 |  0.00 |
+------------+------+-------+------------+-----------+-------+
* Note: Each used BUFGCTRL counts as two GLOBAL CLOCK BUFFERs. This table does not include global clocking resources, only buffer cell usage. See the Clock Utilization Report (report_clock_utilization) for detailed accounting of global clocking resource availability.


7. ADVANCED
-----------

+-----------------+------+-------+------------+-----------+--------+
|    Site Type    | Used | Fixed | Prohibited | Available |  Util% |
+-----------------+------+-------+------------+-----------+--------+
| GTHE4_CHANNEL   |    0 |     0 |          0 |         4 |   0.00 |
| GTHE4_COMMON    |    0 |     0 |          0 |         1 |   0.00 |
| OBUFDS_GTE4     |    0 |     0 |          0 |         2 |   0.00 |
| OBUFDS_GTE4_ADV |    0 |     0 |          0 |         2 |   0.00 |
| PCIE40E4        |    0 |     0 |          0 |         2 |   0.00 |
| PS8             |    1 |     0 |          0 |         1 | 100.00 |
| SYSMONE4        |    0 |     0 |          0 |         1 |   0.00 |
| VCU             |    0 |     0 |          0 |         1 |   0.00 |
+-----------------+------+-------+------------+-----------+--------+


8. CONFIGURATION
----------------

+-------------+------+-------+------------+-----------+-------+
|  Site Type  | Used | Fixed | Prohibited | Available | Util% |
+-------------+------+-------+------------+-----------+-------+
| BSCANE2     |    0 |     0 |          0 |         4 |  0.00 |
| DNA_PORTE2  |    0 |     0 |          0 |         1 |  0.00 |
| EFUSE_USR   |    0 |     0 |          0 |         1 |  0.00 |
| FRAME_ECCE4 |    0 |     0 |          0 |         1 |  0.00 |
| ICAPE3      |    0 |     0 |          0 |         2 |  0.00 |
| MASTER_JTAG |    0 |     0 |          0 |         1 |  0.00 |
| STARTUPE3   |    0 |     0 |          0 |         1 |  0.00 |
+-------------+------+-------+------------+-----------+-------+


9. Primitives
-------------

+-----------+-------+---------------------+
|  Ref Name |  Used | Functional Category |
+-----------+-------+---------------------+
| FDRE      | 20987 |            Register |
| LUT6      |  9544 |                 CLB |
| LUT3      |  5923 |                 CLB |
| LUT4      |  3911 |                 CLB |
| LUT5      |  3838 |                 CLB |
| RAMD32    |  1690 |                 CLB |
| LUT2      |  1462 |                 CLB |
| SRL16E    |   410 |                 CLB |
| CARRY8    |   394 |                 CLB |
| RAMS32    |   335 |                 CLB |
| FDSE      |   316 |            Register |
| LUT1      |   314 |                 CLB |
| FDCE      |    87 |            Register |
| MUXF7     |    59 |                 CLB |
| RAMB36E2  |    33 |            BLOCKRAM |
| DSP48E2   |    31 |          Arithmetic |
| RAMB18E2  |    24 |            BLOCKRAM |
| RAMS64E1  |    16 |                 CLB |
| RAMS64E   |     8 |                 CLB |
| MUXF8     |     6 |                 CLB |
| MUXF9     |     2 |                 CLB |
| BUFGCE    |     2 |               Clock |
| PS8       |     1 |            Advanced |
| PLLE4_ADV |     1 |               Clock |
| BUFG_PS   |     1 |               Clock |
+-----------+-------+---------------------+


10. Black Boxes
---------------

+----------+------+
| Ref Name | Used |
+----------+------+


11. Instantiated Netlists
-------------------------

+-------------------------------------+------+
|               Ref Name              | Used |
+-------------------------------------+------+
| gpgpu_system_zynq_ultra_ps_e_0_0    |    1 |
| gpgpu_system_smartconnect_ddr_0     |    1 |
| gpgpu_system_smartconnect_control_0 |    1 |
| gpgpu_system_rst_pl_clk0_0          |    1 |
| gpgpu_system_memory_pipeline_0_0    |    1 |
| gpgpu_system_gpgpu_scheduler_0_0    |    1 |
| gpgpu_system_clk_wiz_0_0            |    1 |
+-------------------------------------+------+


