Copyright 1986-2022 Xilinx, Inc. All Rights Reserved. Copyright 2022-2026 Advanced Micro Devices, Inc. All Rights Reserved.
------------------------------------------------------------------------------------------------------------------------------------------------------
| Tool Version : Vivado v.2026.1 (lin64) Build 6511674 Tue Jun 16 11:01:26 MDT 2026
| Date         : Thu Aug  6 17:19:37 2026
| Host         : david-medina-pc running 64-bit Ubuntu 26.04 LTS
| Command      : report_utilization -file /mnt/alto_nivel/Diseno_de_alto_nivel/Proyecto/riscv_gpgpu/build/vivado_kv260/implementation_utilization.rpt
| Design       : gpgpu_system_wrapper
| Device       : xck26-sfvc784-2LV-c
| Speed File   : -2LV
| Design State : Routed
------------------------------------------------------------------------------------------------------------------------------------------------------

Utilization Design Information

Table of Contents
-----------------
1. CLB Logic
1.1 Summary of Registers by Type
2. CLB Logic Distribution
3. BLOCKRAM
4. ARITHMETIC
5. I/O
6. CLOCK
7. ADVANCED
8. CONFIGURATION
9. Primitives
10. Black Boxes
11. Instantiated Netlists

1. CLB Logic
------------

+----------------------------+-------+-------+------------+-----------+-------+
|          Site Type         |  Used | Fixed | Prohibited | Available | Util% |
+----------------------------+-------+-------+------------+-----------+-------+
| CLB LUTs                   |  7924 |     0 |          0 |    117120 |  6.77 |
|   LUT as Logic             |  6632 |     0 |          0 |    117120 |  5.66 |
|   LUT as Memory            |  1292 |     0 |          0 |     57600 |  2.24 |
|     LUT as Distributed RAM |  1072 |     0 |            |           |       |
|     LUT as Shift Register  |   220 |     0 |            |           |       |
| CLB Registers              | 12558 |     0 |          0 |    234240 |  5.36 |
|   Register as Flip Flop    | 12558 |     0 |          0 |    234240 |  5.36 |
|   Register as Latch        |     0 |     0 |          0 |    234240 |  0.00 |
| CARRY8                     |   189 |     0 |          0 |     14640 |  1.29 |
| F7 Muxes                   |    27 |     0 |          0 |     58560 |  0.05 |
| F8 Muxes                   |     8 |     0 |          0 |     29280 |  0.03 |
| F9 Muxes                   |     4 |     0 |          0 |     14640 |  0.03 |
| Unique Control Sets        |   660 |       |          0 |     29280 |  2.25 |
+----------------------------+-------+-------+------------+-----------+-------+
* Warning! LUT value is adjusted to account for LUT combining.
** Note: Available Control Sets calculated as Slices * 2, Review the Control Sets Report for more information regarding control sets.


1.1 Summary of Registers by Type
--------------------------------

+-------+--------------+-------------+--------------+
| Total | Clock Enable | Synchronous | Asynchronous |
+-------+--------------+-------------+--------------+
| 0     |            _ |           - |            - |
| 0     |            _ |           - |          Set |
| 0     |            _ |           - |        Reset |
| 0     |            _ |         Set |            - |
| 0     |            _ |       Reset |            - |
| 0     |          Yes |           - |            - |
| 0     |          Yes |           - |          Set |
| 87    |          Yes |           - |        Reset |
| 327   |          Yes |         Set |            - |
| 12144 |          Yes |       Reset |            - |
+-------+--------------+-------------+--------------+


2. CLB Logic Distribution
-------------------------

+--------------------------------------------+-------+-------+------------+-----------+-------+
|                  Site Type                 |  Used | Fixed | Prohibited | Available | Util% |
+--------------------------------------------+-------+-------+------------+-----------+-------+
| CLB                                        |  1717 |     0 |          0 |     14640 | 11.73 |
|   CLBL                                     |   789 |     0 |            |           |       |
|   CLBM                                     |   928 |     0 |            |           |       |
| LUT as Logic                               |  6632 |     0 |          0 |    117120 |  5.66 |
|   using O5 output only                     |   292 |       |            |           |       |
|   using O6 output only                     |  4326 |       |            |           |       |
|   using O5 and O6                          |  2014 |       |            |           |       |
| LUT as Memory                              |  1292 |     0 |          0 |     57600 |  2.24 |
|   LUT as Distributed RAM                   |  1072 |     0 |            |           |       |
|     using O5 output only                   |     0 |       |            |           |       |
|     using O6 output only                   |    40 |       |            |           |       |
|     using O5 and O6                        |  1032 |       |            |           |       |
|   LUT as Shift Register                    |   220 |     0 |            |           |       |
|     using O5 output only                   |     0 |       |            |           |       |
|     using O6 output only                   |    40 |       |            |           |       |
|     using O5 and O6                        |   180 |       |            |           |       |
| CLB Registers                              | 12558 |     0 |          0 |    234240 |  5.36 |
|   Register driven from within the CLB      |  8126 |       |            |           |       |
|   Register driven from outside the CLB     |  4432 |       |            |           |       |
|     LUT in front of the register is unused |  3304 |       |            |           |       |
|     LUT in front of the register is used   |  1128 |       |            |           |       |
+--------------------------------------------+-------+-------+------------+-----------+-------+


3. BLOCKRAM
-----------

+-------------------+------+-------+------------+-----------+-------+
|     Site Type     | Used | Fixed | Prohibited | Available | Util% |
+-------------------+------+-------+------------+-----------+-------+
| Block RAM Tile    | 11.5 |     0 |          0 |       144 |  7.99 |
|   RAMB36/FIFO*    |    0 |     0 |          0 |       144 |  0.00 |
|   RAMB18          |   23 |     0 |          0 |       288 |  7.99 |
|     RAMB18E2 only |   23 |       |            |           |       |
| URAM              |    0 |     0 |          0 |        64 |  0.00 |
+-------------------+------+-------+------------+-----------+-------+
* Note: Each Block RAM Tile only has one FIFO logic available and therefore can accommodate only one FIFO36E2 or one FIFO18E2. However, if a FIFO18E2 occupies a Block RAM Tile, that tile can still accommodate a RAMB18E2


4. ARITHMETIC
-------------

+-----------+------+-------+------------+-----------+-------+
| Site Type | Used | Fixed | Prohibited | Available | Util% |
+-----------+------+-------+------------+-----------+-------+
| DSPs      |    0 |     0 |          0 |      1248 |  0.00 |
+-----------+------+-------+------------+-----------+-------+


5. I/O
------

+------------------+------+-------+------------+-----------+-------+
|     Site Type    | Used | Fixed | Prohibited | Available | Util% |
+------------------+------+-------+------------+-----------+-------+
| Bonded IOB       |    0 |     0 |          0 |       189 |  0.00 |
|   HPIOB_M        |    0 |     0 |          0 |        58 |  0.00 |
|   HPIOB_S        |    0 |     0 |          0 |        58 |  0.00 |
|   HDIOB_M        |    0 |     0 |          0 |        35 |  0.00 |
|   HDIOB_S        |    0 |     0 |          0 |        35 |  0.00 |
|   HPIOB_SNGL     |    0 |     0 |          0 |         3 |  0.00 |
| HPIOBDIFFINBUF   |    0 |     0 |          0 |        82 |  0.00 |
| HPIOBDIFFOUTBUF  |    0 |     0 |          0 |        82 |  0.00 |
| HDIOBDIFFINBUF   |    0 |     0 |          0 |        35 |  0.00 |
| BITSLICE_CONTROL |    0 |     0 |          0 |        32 |  0.00 |
| BITSLICE_RX_TX   |    0 |     0 |          0 |      1248 |  0.00 |
| BITSLICE_TX      |    0 |     0 |          0 |        32 |  0.00 |
| RIU_OR           |    0 |     0 |          0 |        16 |  0.00 |
+------------------+------+-------+------------+-----------+-------+


6. CLOCK
--------

+------------+------+-------+------------+-----------+-------+
|  Site Type | Used | Fixed | Prohibited | Available | Util% |
+------------+------+-------+------------+-----------+-------+
| BUFGCE     |    1 |     0 |          0 |       112 |  0.89 |
| BUFGCE_DIV |    0 |     0 |          0 |        16 |  0.00 |
| BUFG_GT    |    0 |     0 |          0 |        96 |  0.00 |
| BUFG_PS    |    1 |     0 |          0 |        96 |  1.04 |
| BUFGCTRL*  |    0 |     0 |          0 |        32 |  0.00 |
| PLL        |    1 |     0 |          0 |         8 | 12.50 |
| MMCM       |    0 |     0 |          0 |         4 |  0.00 |
+------------+------+-------+------------+-----------+-------+
* Note: Each used BUFGCTRL counts as two GLOBAL CLOCK BUFFERs. This table does not include global clocking resources, only buffer cell usage. See the Clock Utilization Report (report_clock_utilization) for detailed accounting of global clocking resource availability.


7. ADVANCED
-----------

+-----------------+------+-------+------------+-----------+--------+
|    Site Type    | Used | Fixed | Prohibited | Available |  Util% |
+-----------------+------+-------+------------+-----------+--------+
| GTHE4_CHANNEL   |    0 |     0 |          0 |         4 |   0.00 |
| GTHE4_COMMON    |    0 |     0 |          0 |         1 |   0.00 |
| OBUFDS_GTE4     |    0 |     0 |          0 |         2 |   0.00 |
| OBUFDS_GTE4_ADV |    0 |     0 |          0 |         2 |   0.00 |
| PCIE40E4        |    0 |     0 |          0 |         2 |   0.00 |
| PS8             |    1 |     0 |          0 |         1 | 100.00 |
| SYSMONE4        |    0 |     0 |          0 |         1 |   0.00 |
| VCU             |    0 |     0 |          0 |         1 |   0.00 |
+-----------------+------+-------+------------+-----------+--------+


8. CONFIGURATION
----------------

+-------------+------+-------+------------+-----------+-------+
|  Site Type  | Used | Fixed | Prohibited | Available | Util% |
+-------------+------+-------+------------+-----------+-------+
| BSCANE2     |    0 |     0 |          0 |         4 |  0.00 |
| DNA_PORTE2  |    0 |     0 |          0 |         1 |  0.00 |
| EFUSE_USR   |    0 |     0 |          0 |         1 |  0.00 |
| FRAME_ECCE4 |    0 |     0 |          0 |         1 |  0.00 |
| ICAPE3      |    0 |     0 |          0 |         2 |  0.00 |
| MASTER_JTAG |    0 |     0 |          0 |         1 |  0.00 |
| STARTUPE3   |    0 |     0 |          0 |         1 |  0.00 |
+-------------+------+-------+------------+-----------+-------+


9. Primitives
-------------

+-----------+-------+---------------------+
|  Ref Name |  Used | Functional Category |
+-----------+-------+---------------------+
| FDRE      | 12144 |            Register |
| LUT3      |  2802 |                 CLB |
| RAMD32    |  1802 |                 CLB |
| LUT6      |  1778 |                 CLB |
| LUT4      |  1684 |                 CLB |
| LUT5      |  1264 |                 CLB |
| LUT2      |   783 |                 CLB |
| SRL16E    |   400 |                 CLB |
| LUT1      |   335 |                 CLB |
| FDSE      |   327 |            Register |
| RAMS32    |   270 |                 CLB |
| CARRY8    |   189 |                 CLB |
| FDCE      |    87 |            Register |
| RAMS64E1  |    32 |                 CLB |
| MUXF7     |    27 |                 CLB |
| RAMB18E2  |    23 |            BLOCKRAM |
| MUXF8     |     8 |                 CLB |
| MUXF9     |     4 |                 CLB |
| PS8       |     1 |            Advanced |
| PLLE4_ADV |     1 |               Clock |
| BUFG_PS   |     1 |               Clock |
| BUFGCE    |     1 |               Clock |
+-----------+-------+---------------------+


10. Black Boxes
---------------

+----------+------+
| Ref Name | Used |
+----------+------+


11. Instantiated Netlists
-------------------------

+-------------------------------------+------+
|               Ref Name              | Used |
+-------------------------------------+------+
| gpgpu_system_zynq_ultra_ps_e_0_0    |    1 |
| gpgpu_system_smartconnect_ddr_0     |    1 |
| gpgpu_system_smartconnect_control_0 |    1 |
| gpgpu_system_rst_pl_clk0_0          |    1 |
| gpgpu_system_memory_pipeline_0_0    |    1 |
| gpgpu_system_gpgpu_scheduler_0_0    |    1 |
| gpgpu_system_clk_wiz_0_0            |    1 |
+-------------------------------------+------+


